 gcc -g p6final.c
îº§ gdb a.out
GNU gdb (Ubuntu 8.1.1-0ubuntu1) 8.1.1
Copyright (C) 2018 Free Software Foundation, Inc.
License GPLv3+: GNU GPL version 3 or later <http://gnu.org/licenses/gpl.html>
This is free software: you are free to change and redistribute it.
There is NO WARRANTY, to the extent permitted by law.  Type "show copying"
and "show warranty" for details.
This GDB was configured as "x86_64-linux-gnu".
Type "show configuration" for configuration details.
For bug reporting instructions, please see:
<http://www.gnu.org/software/gdb/bugs/>.
Find the GDB manual and other documentation resources online at:
<http://www.gnu.org/software/gdb/documentation/>.
For help, type "help".
Type "apropos word" to search for commands related to "word"...
Reading symbols from a.out...done.
(gdb) b main
Breakpoint 1 at 0x8e2: file p6final.c, line 32.
(gdb) r
Starting program: /home/runner/IA1-Revision/a.out 
warning: Error disabling address space randomization: Operation not permitted

Breakpoint 1, main () at p6final.c:32
32  {
(gdb) n
34    input_two_string(a,b);
(gdb) s
input_two_string (a=0x7ffdc667d800 "", b=0x7ffdc667d840 "\001") at p6final.c:4
4     printf("enter two strngs\n");
(gdb) n
enter two strngs
5     scanf("%s%s",a,b);
(gdb) n
hello
world
6   }
(gdb) n
main () at p6final.c:35
35    output(a,b,strcmp(a,b));
(gdb) s
strcmp (a=0x7ffdc667d800 "hello", b=0x7ffdc667d840 "world") at p6final.c:9
9     for(int i=0; a[i]!='\0' || b[i]!='\0'; i++)
(gdb) n
11      if (a[i]>b[i])
(gdb) n
15      else if(a[i] < b[i])
(gdb) n
17        return -1;
(gdb) n
21  }
(gdb) n
world is greater tha hello
main () at p6final.c:36
36    return 0;
(gdb) n
37  }